I'm sorry, but errors were detected in your script. Please correct the
errors listed below, and try again.


File "game/script.rpy", line 17: expected 'label_name' not found.
    call python
        ^

Ren'Py Version: Ren'Py 7.3.5.606
Sat Nov 14 16:05:16 2020
